LAYER
  NAME "cult_industrial_exp_areal"
  STATUS ON
  SIZEUNITS pixels
  TYPE POLYGON
  CONNECTIONTYPE postgis
  CONNECTION "host=localhost port=5432 dbname=database_name user=qgis password='password'"
  DATA "wkb_geometry from ngi.cult_industrial_exp_areal using unique ogc_fid"
  PROJECTION
      "init=epsg:3857"
  END
  EXTENT 1834573.0505023100413382 -4134098.6661502798087895 3657634.1671849298290908 -2534980.7939636199735105
  CLASS
    NAME "FISH FARM"
    EXPRESSION ("[feat_type]" = "Fish Farm")
    MAXSCALEDENOM 80000.0
    MINSCALEDENOM 0.0
    STYLE
      OPACITY 100.0
      COLOR "#0000ff"
      OUTLINECOLOR "#000000"
      OUTLINEWIDTH 0.9285714285714285
    END
  END
  CLASS
    NAME "Saltworks"
    EXPRESSION ("[feat_type]" = "Saltworks")
    MAXSCALEDENOM 80000.0
    MINSCALEDENOM 1.0
    STYLE
      OPACITY 100.0
      COLOR "#6998c9"
      OUTLINECOLOR "#6998c9"
      OUTLINEWIDTH 0.9285714285714285
    END
    STYLE
      SYMBOL "shape://vertline"
      OPACITY 100.0
    END
    STYLE
      SYMBOL "shape://horline"
      OPACITY 100.0
    END
  END
  CLASS
    NAME "Factory"
    EXPRESSION ("[feat_type]" = "Factory")
    MAXSCALEDENOM 80000.0
    MINSCALEDENOM 1.0
    STYLE
      OPACITY 65.10000000000001
      COLOR "#000000"
      OUTLINECOLOR "#000000"
      OUTLINEWIDTH 0.35714285714285715
    END
  END
  CLASS
    NAME "Saw Mill"
    EXPRESSION ("[feat_type]" = "Sawmill")
    MAXSCALEDENOM 80000.0
    MINSCALEDENOM 1.0
    STYLE
      OPACITY 65.9
      COLOR "#000000"
      OUTLINECOLOR "#000000"
      OUTLINEWIDTH 0.35714285714285715
    END
  END
  CLASS
    NAME "Silo"
    EXPRESSION ("[feat_type]" = "Silo")
    MAXSCALEDENOM 80000.0
    MINSCALEDENOM 1.0
  END
  CLASS
    NAME "Any Other Reservoir"
    EXPRESSION ("[feat_type]" = "Any Other Reservoir")
    MAXSCALEDENOM 80000.0
    MINSCALEDENOM 1.0
    STYLE
      OPACITY 100.0
      COLOR "#d3e5f3"
      OUTLINECOLOR "#000000"
      OUTLINEWIDTH 0.35714285714285715
    END
  END
  CLASS
    NAME "labeling - Fish Farm"
    EXPRESSION ("[feat_type]" = "Fish Farm")
    MAXSCALEDENOM 50000.0
    MINSCALEDENOM 1.0
    STYLE
      LABEL
        OFFSET 0.0 0.0
        TEXT ""
        SIZE 12.607142857142854
        FONT "Ubuntu"
        TYPE truetype
        COLOR "#000000"
      END
    END
  END
  CLASS
    NAME "labeling - Silo"
    EXPRESSION ("[feat_type]" = "Silo")
    MAXSCALEDENOM 50000.0
    MINSCALEDENOM 1.0
    STYLE
      LABEL
        OFFSET 0.0 0.0
        TEXT ""
        SIZE 12.607142857142854
        FONT "Ubuntu"
        TYPE truetype
        COLOR "#000000"
      END
    END
  END
END
