LAYER
  NAME "cult_industrial_exp_point"
  STATUS ON
  SIZEUNITS pixels
  TYPE POINT
  CONNECTIONTYPE postgis
  CONNECTION "dbname='database_name' host='localhost' port='5432' user='qgis'  password='password' sslmode='disable'"
  DATA "wkb_geometry from ngi.cult_educational_exp_point using unique ogc_fid"
  PROJECTION
      "init=epsg:3857"
  END
  EXTENT 1834573.0505023100413382 -4134098.6661502798087895 3657634.1671849298290908 -2534980.7939636199735105
  CLASS
    NAME "Any Other Reservoir"
    EXPRESSION ("[feat_type]" = "Any Other Reservoir")
    MAXSCALEDENOM 80000.0
    MINSCALEDENOM 1.0
    STYLE
      SYMBOL "circle"
      COLOR "#000000"
      SIZE 5.357142857142857
      ANGLE 0
      OUTLINECOLOR "#000000"
      OUTLINEWIDTH 1
    END
  END
  CLASS
    NAME "Factory"
    EXPRESSION ("[feat_type]" = "Factory")
    MAXSCALEDENOM 80000.0
    MINSCALEDENOM 1.0
    STYLE
      SYMBOL "square"
      COLOR "#000000"
      SIZE 4.999999999999999
      ANGLE 0
      OUTLINECOLOR "#000000"
      OUTLINEWIDTH 1
    END
  END
  CLASS
    NAME "Fuel StorageTank"
    EXPRESSION ("[feat_type]" = "Fuel StorageTank")
    MAXSCALEDENOM 80000.0
    MINSCALEDENOM 1.0
    STYLE
      SYMBOL "circle"
      COLOR "#000000"
      SIZE 5.357142857142857
      ANGLE 0
      OUTLINECOLOR "#000000"
      OUTLINEWIDTH 1
    END
  END
  CLASS
    NAME "Sawmill"
    EXPRESSION ("[feat_type]" = "Sawmill")
    MAXSCALEDENOM 80000.0
    MINSCALEDENOM 1.0
    STYLE
      SYMBOL "circle"
      COLOR "#000000"
      SIZE 5.357142857142857
      ANGLE 0
      OUTLINECOLOR "#000000"
      OUTLINEWIDTH 1
    END
  END
  CLASS
    NAME "Silo"
    EXPRESSION ("[feat_type]" = "Silo")
    MAXSCALEDENOM 80000.0
    MINSCALEDENOM 1.0
    STYLE
      SYMBOL "circle"
      COLOR "#000000"
      SIZE 3.214285714285714
      ANGLE 0
      OUTLINECOLOR "#000000"
      OUTLINEWIDTH 1
    END
  END
  CLASS
    NAME "labeling - Labels"
    EXPRESSION ("[feat_type]" = "Silo")
    MAXSCALEDENOM 50000.0
    MINSCALEDENOM 1.0
    STYLE
      LABEL
        OFFSET 0.0 0.0
        TEXT "[feat_type]"
        SIZE 7.564285714285713
        FONT "Ubuntu"
        TYPE truetype
        COLOR "#000000"
      END
    END
  END
END
