LAYER
  NAME "tran_railway_lines_exp"
  STATUS ON
  SIZEUNITS pixels
  TYPE LINE
  CONNECTIONTYPE postgis
  CONNECTION "dbname='database_name' host='localhost' port='5432' user='qgis'  password='password' sslmode='disable'"
  DATA "wkb_geometry from ngi.tran_railway_lines_exp using unique ogc_fid"
  PROJECTION
      "init=epsg:3857"
  END
  EXTENT 1834573.0505023100413382 -4134098.6661502798087895 3657634.1671849298290908 -2534980.7939636199735105
  CLASS
    NAME "Standard"
    EXPRESSION ("[feat_type]" = "Standard Gauge Railway Line")
    MAXSCALEDENOM 80000.0
    MINSCALEDENOM 1000.0
    STYLE
      WIDTH 1.8214285714285714
      OPACITY 100.0
      COLOR "#000000"
      LINECAP "round"
      LINEJOIN "round"
    END
  END
  CLASS
    NAME "Narrow Gauge"
    EXPRESSION ("[feat_type]" = "Narrow Gauge Railway Line")
    MAXSCALEDENOM 80000.0
    MINSCALEDENOM 1000.0
    STYLE
      WIDTH 1.0714285714285714
      OPACITY 100.0
      COLOR "#000000"
      LINECAP "round"
      LINEJOIN "round"
    END
  END
  CLASS
    NAME "Railway Siding"
    EXPRESSION ("[feat_type]" = "Railway Siding")
    MAXSCALEDENOM 80000.0
    MINSCALEDENOM 1000.0
    STYLE
      WIDTH 1.8214285714285714
      OPACITY 100.0
      COLOR "#000000"
      LINECAP "square"
      LINEJOIN "bevel"
      PATTERN "5 2"
    END
  END
  CLASS
    NAME "Other"
    EXPRESSION ("[feat_type]" = "Other Railway Line")
    MAXSCALEDENOM 80000.0
    MINSCALEDENOM 1000.0
    STYLE
      WIDTH 0.35714285714285715
      OPACITY 100.0
      COLOR "#000000"
      LINECAP "square"
      LINEJOIN "bevel"
      PATTERN "5 2"
    END
  END
  CLASS
    NAME "Marshaling line"
    EXPRESSION ("[feat_type]" = "Marshalling Yard")
    MAXSCALEDENOM 80000.0
    MINSCALEDENOM 1000.0
    STYLE
      WIDTH 0.35714285714285715
      OPACITY 100.0
      COLOR "#000000"
      LINECAP "square"
      LINEJOIN "bevel"
    END
  END
END
